// Jest Snapshot v1, https://goo.gl/fbAQLP

exports[`renders correctly 1`] = `
<div>
  <div
    className="dropdown"
  >
    <div
      className="dropdown-trigger"
    >
      <button
        aria-controls="dropdown-menu3"
        aria-haspopup="true"
        className="button primaryBtn "
        onClick={[Function]}
      >
        Categories
      </button>
    </div>
    <div
      className="dropdown-menu"
      id="dropdown-menu3"
      role="menu"
    >
      <div
        className="dropdown-content"
      >
        <a
          className="dropdown-item"
          href="#"
        >
          Books
        </a>
        <a
          className="dropdown-item"
          href="#"
        >
          Furniture
        </a>
        <a
          className="dropdown-item"
          href="#"
        >
          Toys
        </a>
      </div>
    </div>
  </div>
</div>
`;
